samue@DESKTOP-GS4IT4J MINGW64 ~/Desktop/SpringBoot/Cursomc
$ git init
Initialized empty Git repository in C:/Users/samue/Desktop/SpringBoot/Cursomc/.git/

samue@DESKTOP-GS4IT4J MINGW64 ~/Desktop/SpringBoot/Cursomc (master)
$ git --global user.name "Samuel Santos"
unknown option: --global
usage: git [--version] [--help] [-C <path>] [-c <name>=<value>]
           [--exec-path[=<path>]] [--html-path] [--man-path] [--info-path]
           [-p | --paginate | -P | --no-pager] [--no-replace-objects] [--bare]
           [--git-dir=<path>] [--work-tree=<path>] [--namespace=<name>]
           <command> [<args>]

samue@DESKTOP-GS4IT4J MINGW64 ~/Desktop/SpringBoot/Cursomc (master)
$ git config --global user.name "Samuel Santos"

samue@DESKTOP-GS4IT4J MINGW64 ~/Desktop/SpringBoot/Cursomc (master)
$ git config --global user.email "samuel.bael@hotmail.com"

samue@DESKTOP-GS4IT4J MINGW64 ~/Desktop/SpringBoot/Cursomc (master)
$ git status
On branch master

No commits yet

Untracked files:
  (use "git add <file>..." to include in what will be committed)
        .gitignore
        .mvn/
        mvnw
        mvnw.cmd
        pom.xml
        src/

nothing added to commit but untracked files present (use "git add" to track)

samue@DESKTOP-GS4IT4J MINGW64 ~/Desktop/SpringBoot/Cursomc (master)
$ git add .
warning: LF will be replaced by CRLF in .gitignore.
The file will have its original line endings in your working directory
warning: LF will be replaced by CRLF ingit lo .mvn/wrapper/MavenWrapperDownloader.java.
The file will have its original line endings in your working directory
warning: LF will be replaced by CRLF in .mvn/wrapper/maven-wrapper.properties.
The file will have its original line endings in your working directory
warning: LF will be replaced by CRLF in mvnw.
The file will have its original line endings in your working directory
warning: LF will be replaced by CRLF in mvnw.cmd.
The file will have its original line endings in your working directory
warning: LF will be replaced by CRLF in pom.xml.
The file will have its original line endings in your working directory
warning: LF will be replaced by CRLF in src/main/java/com/project/CursomcApplication.java.
The file will have its original line endings in your working directory
warning: LF will be replaced by CRLF in src/main/resources/application.properties.
The file will have its original line endings in your working directory
warning: LF will be replaced by CRLF in src/test/java/com/project/CursomcApplicationTests.java.
The file will have its original line endings in your working directory

samue@DESKTOP-GS4IT4J MINGW64 ~/Desktop/SpringBoot/Cursomc (master)
$ git commit -m "Projeto criado"
[master (root-commit) 6089256] Projeto criado
 10 files changed, 720 insertions(+)
 create mode 100644 .gitignore
 create mode 100644 .mvn/wrapper/MavenWrapperDownloader.java
 create mode 100644 .mvn/wrapper/maven-wrapper.jar
 create mode 100644 .mvn/wrapper/maven-wrapper.properties
 create mode 100644 mvnw
 create mode 100644 mvnw.cmd
 create mode 100644 pom.xml
 create mode 100644 src/main/java/com/project/CursomcApplication.java
 create mode 100644 src/main/resources/application.properties
 create mode 100644 src/test/java/com/project/CursomcApplicationTests.java

samue@DESKTOP-GS4IT4J MINGW64 ~/Desktop/SpringBoot/Cursomc (master)
$ git log
commit 60892568d9edbd30bf449c145929e9c52ba54f34 (HEAD -> master)
Author: Samuel Santos <samuel.bael@hotmail.com>
Date:   Tue Aug 25 17:32:46 2020 -0300

    Projeto criado
